[INFO] Scanning for projects...
[INFO] 
[INFO] ---------------------< com.hcmunre:Lab9_POM_Base >----------------------
[INFO] Building Lab9_POM_Base 1.0-SNAPSHOT
[INFO]   from pom.xml
[INFO] --------------------------------[ jar ]---------------------------------
[INFO] 
[INFO] --- resources:3.3.1:resources (default-resources) @ Lab9_POM_Base ---
[INFO] skip non existing resourceDirectory C:\Study\HCMUNRE\Tester\Tuan9\Lab9_POM_Project\src\main\resources
[INFO] 
[INFO] --- compiler:3.13.0:compile (default-compile) @ Lab9_POM_Base ---
[INFO] Nothing to compile - all classes are up to date.
[INFO] 
[INFO] --- resources:3.3.1:testResources (default-testResources) @ Lab9_POM_Base ---
[INFO] Copying 3 resources from src\test\resources to target\test-classes
[INFO] 
[INFO] --- compiler:3.13.0:testCompile (default-testCompile) @ Lab9_POM_Base ---
[INFO] Recompiling the module because of changed source code.
[INFO] Compiling 10 source files with javac [debug target 11] to target\test-classes
[INFO] -------------------------------------------------------------
[WARNING] COMPILATION WARNING : 
[INFO] -------------------------------------------------------------
[WARNING] system modules path not set in conjunction with -source 11
[INFO] 1 warning
[INFO] -------------------------------------------------------------
[INFO] -------------------------------------------------------------
[ERROR] COMPILATION ERROR : 
[INFO] -------------------------------------------------------------
[ERROR] /C:/Study/HCMUNRE/Tester/Tuan9/Lab9_POM_Project/src/test/java/com/hcmunre/tests/LoginDataDrivenTest.java:[32,46] cannot find symbol
  symbol:   variable excelPath
  location: class com.hcmunre.tests.LoginDataDrivenTest
[ERROR] /C:/Study/HCMUNRE/Tester/Tuan9/Lab9_POM_Project/src/test/java/com/hcmunre/tests/LoginDataDrivenTest.java:[38,46] cannot find symbol
  symbol:   variable excelPath
  location: class com.hcmunre.tests.LoginDataDrivenTest
[ERROR] /C:/Study/HCMUNRE/Tester/Tuan9/Lab9_POM_Project/src/test/java/com/hcmunre/tests/LoginDataDrivenTest.java:[44,46] cannot find symbol
  symbol:   variable excelPath
  location: class com.hcmunre.tests.LoginDataDrivenTest
[ERROR] /C:/Study/HCMUNRE/Tester/Tuan9/Lab9_POM_Project/src/test/java/com/hcmunre/tests/UserLoginJsonTest.java:[32,53] cannot find symbol
  symbol:   variable jsonPath
  location: class com.hcmunre.tests.UserLoginJsonTest
[INFO] 4 errors 
[INFO] -------------------------------------------------------------
[INFO] ------------------------------------------------------------------------
[INFO] BUILD FAILURE
[INFO] ------------------------------------------------------------------------
[INFO] Total time:  2.123 s
[INFO] Finished at: 2026-03-17T14:39:47+07:00
[INFO] ------------------------------------------------------------------------
[ERROR] Failed to execute goal org.apache.maven.plugins:maven-compiler-plugin:3.13.0:testCompile (default-testCompile) on project Lab9_POM_Base: Compilation failure: Compilation failure: 
[ERROR] /C:/Study/HCMUNRE/Tester/Tuan9/Lab9_POM_Project/src/test/java/com/hcmunre/tests/LoginDataDrivenTest.java:[32,46] cannot find symbol
[ERROR]   symbol:   variable excelPath
[ERROR]   location: class com.hcmunre.tests.LoginDataDrivenTest
[ERROR] /C:/Study/HCMUNRE/Tester/Tuan9/Lab9_POM_Project/src/test/java/com/hcmunre/tests/LoginDataDrivenTest.java:[38,46] cannot find symbol
[ERROR]   symbol:   variable excelPath
[ERROR]   location: class com.hcmunre.tests.LoginDataDrivenTest
[ERROR] /C:/Study/HCMUNRE/Tester/Tuan9/Lab9_POM_Project/src/test/java/com/hcmunre/tests/LoginDataDrivenTest.java:[44,46] cannot find symbol
[ERROR]   symbol:   variable excelPath
[ERROR]   location: class com.hcmunre.tests.LoginDataDrivenTest
[ERROR] /C:/Study/HCMUNRE/Tester/Tuan9/Lab9_POM_Project/src/test/java/com/hcmunre/tests/UserLoginJsonTest.java:[32,53] cannot find symbol
[ERROR]   symbol:   variable jsonPath
[ERROR]   location: class com.hcmunre.tests.UserLoginJsonTest
[ERROR] -> [Help 1]
[ERROR] 
[ERROR] To see the full stack trace of the errors, re-run Maven with the -e switch.
[ERROR] Re-run Maven using the -X switch to enable full debug logging.
[ERROR] 
[ERROR] For more information about the errors and possible solutions, please read the following articles:
[ERROR] [Help 1] http://cwiki.apache.org/confluence/display/MAVEN/MojoFailureException
